[2024-04-29 14:33:08] INFO: GTDB-Tk v2.3.2
[2024-04-29 14:33:08] INFO: gtdbtk classify_wf --genome_dir /mnt/project/PLASTPATH/high_quality_bins/ --out /mnt/project/PLASTPATH//gtdbtk_bins_output --cpus 16 --mash_db /mnt/project/PLASTPATH/microbe_gen/mash_db --extension fa
[2024-04-29 14:33:08] INFO: Using GTDB-Tk reference data version r214: /mnt/project/PLASTPATH/gtdb/release214
[2024-04-29 14:33:09] INFO: Loading reference genomes.
[2024-04-29 14:33:10] INFO: Using Mash version 2.3
[2024-04-29 14:33:10] INFO: Creating Mash sketch file: /mnt/project/PLASTPATH//gtdbtk_bins_output/classify/ani_screen/intermediate_results/mash/gtdbtk.user_query_sketch.msh
[2024-04-29 14:33:28] INFO: Completed 537 genomes in 17.83 seconds (30.12 genomes/second).
[2024-04-29 14:33:28] INFO: Loading data from existing Mash sketch file: /mnt/project/PLASTPATH/microbe_gen/mash_db.msh
[2024-04-29 14:33:35] INFO: Calculating Mash distances.
[2024-04-29 14:39:35] INFO: Calculating ANI with FastANI v1.32.
[2024-04-29 17:07:40] INFO: Completed 54,324 comparisons in 148.01 minutes (367.04 comparisons/minute).
[2024-04-29 17:07:58] INFO: Summary of results saved to: /mnt/project/PLASTPATH//gtdbtk_bins_output/classify/ani_screen/gtdbtk.bac120.ani_summary.tsv
[2024-04-29 17:07:58] INFO: Summary of results saved to: /mnt/project/PLASTPATH//gtdbtk_bins_output/classify/ani_screen/gtdbtk.ar53.ani_summary.tsv
[2024-04-29 17:07:58] INFO: 93 genome(s) have been classified using the ANI pre-screening step.
[2024-04-29 17:07:58] INFO: Done.
[2024-04-29 17:07:58] INFO: Identifying markers in 444 genomes with 16 threads.
[2024-04-29 17:07:59] TASK: Running Prodigal V2.6.3 to identify genes.
[2024-04-29 17:33:34] INFO: Completed 444 genomes in 25.59 minutes (17.35 genomes/minute).
[2024-04-29 17:33:36] TASK: Identifying TIGRFAM protein families.
[2024-04-29 17:39:26] INFO: Completed 444 genomes in 5.83 minutes (76.13 genomes/minute).
[2024-04-29 17:39:26] TASK: Identifying Pfam protein families.
[2024-04-29 17:39:44] INFO: Completed 444 genomes in 18.82 seconds (23.59 genomes/second).
[2024-04-29 17:39:44] INFO: Annotations done using HMMER 3.4 (Aug 2023).
[2024-04-29 17:39:44] TASK: Summarising identified marker genes.
[2024-04-29 17:40:04] INFO: Completed 444 genomes in 20.01 seconds (22.19 genomes/second).
[2024-04-29 17:40:05] INFO: Done.
[2024-04-29 17:40:06] INFO: Aligning markers in 444 genomes with 16 CPUs.
[2024-04-29 17:40:06] INFO: Processing 444 genomes identified as bacterial.
[2024-04-29 17:40:36] INFO: Read concatenated alignment for 80,789 GTDB genomes.
[2024-04-29 17:40:36] TASK: Generating concatenated alignment for each marker.
[2024-04-29 17:40:40] INFO: Completed 444 genomes in 1.45 seconds (306.19 genomes/second).
[2024-04-29 17:40:41] TASK: Aligning 120 identified markers using hmmalign 3.4 (Aug 2023).
[2024-04-29 17:41:33] INFO: Completed 120 markers in 49.14 seconds (2.44 markers/second).
[2024-04-29 17:41:33] TASK: Masking columns of bacterial multiple sequence alignment using canonical mask.
[2024-04-29 17:44:31] INFO: Completed 81,233 sequences in 2.96 minutes (27,412.91 sequences/minute).
[2024-04-29 17:44:31] INFO: Masked bacterial alignment from 41,084 to 5,035 AAs.
[2024-04-29 17:44:31] INFO: 0 bacterial user genomes have amino acids in <10.0% of columns in filtered MSA.
[2024-04-29 17:44:31] INFO: Creating concatenated alignment for 81,233 bacterial GTDB and user genomes.
[2024-04-29 17:45:02] INFO: Creating concatenated alignment for 444 bacterial user genomes.
[2024-04-29 17:45:04] INFO: Done.
[2024-04-29 17:45:27] TASK: Placing 444 bacterial genomes into backbone reference tree with pplacer using 16 CPUs (be patient).
[2024-04-29 17:45:27] INFO: pplacer version: v1.1.alpha19-0-g807f6f3
[2024-04-29 17:55:04] INFO: Calculating RED values based on reference tree.
[2024-04-29 17:55:07] INFO: 444 out of 444 have an class assignments. Those genomes will be reclassified.
[2024-04-29 17:55:07] TASK: Placing 119 bacterial genomes into class-level reference tree 4 (1/8) with pplacer using 16 CPUs (be patient).
[2024-04-29 18:07:57] INFO: Calculating RED values based on reference tree.
[2024-04-29 18:08:00] TASK: Traversing tree to determine classification method.
[2024-04-29 18:08:00] INFO: Completed 119 genomes in 0.07 seconds (1,613.76 genomes/second).
[2024-04-29 18:08:16] TASK: Calculating average nucleotide identity using FastANI (v1.32).
[2024-04-29 18:18:34] INFO: Completed 6,378 comparisons in 10.30 minutes (619.52 comparisons/minute).
[2024-04-29 18:18:46] INFO: 0 genome(s) have been classified using FastANI and pplacer.
[2024-04-29 18:18:46] TASK: Placing 109 bacterial genomes into class-level reference tree 1 (2/8) with pplacer using 16 CPUs (be patient).
[2024-04-30 09:10:33] INFO: GTDB-Tk v2.3.2
[2024-04-30 09:10:33] INFO: gtdbtk classify_wf --genome_dir /mnt/project/PLASTPATH/high_quality_bins/ --out /mnt/project/PLASTPATH//gtdbtk_bins_output --cpus 64 --mash_db /mnt/project/PLASTPATH/microbe_gen/mash_db --extension fa
[2024-04-30 09:10:33] INFO: Using GTDB-Tk reference data version r214: /mnt/project/PLASTPATH/gtdb/release214
[2024-04-30 09:10:34] INFO: Loading reference genomes.
[2024-04-30 09:10:35] INFO: Using Mash version 2.3
[2024-04-30 09:10:35] INFO: Loading data from existing Mash sketch file: /mnt/project/PLASTPATH//gtdbtk_bins_output/classify/ani_screen/intermediate_results/mash/gtdbtk.user_query_sketch.msh
[2024-04-30 09:10:35] INFO: Loading data from existing Mash sketch file: /mnt/project/PLASTPATH/microbe_gen/mash_db.msh
[2024-04-30 09:10:52] INFO: Calculating Mash distances.
[2024-04-30 09:12:21] INFO: Calculating ANI with FastANI v1.32.
[2024-04-30 10:07:44] INFO: Completed 54,324 comparisons in 55.33 minutes (981.83 comparisons/minute).
[2024-04-30 10:08:18] INFO: Summary of results saved to: /mnt/project/PLASTPATH//gtdbtk_bins_output/classify/ani_screen/gtdbtk.bac120.ani_summary.tsv
[2024-04-30 10:08:19] INFO: Summary of results saved to: /mnt/project/PLASTPATH//gtdbtk_bins_output/classify/ani_screen/gtdbtk.ar53.ani_summary.tsv
[2024-04-30 10:08:19] INFO: 93 genome(s) have been classified using the ANI pre-screening step.
[2024-04-30 10:08:19] INFO: Done.
[2024-04-30 10:08:20] INFO: Identifying markers in 444 genomes with 64 threads.
[2024-04-30 10:08:20] TASK: Running Prodigal V2.6.3 to identify genes.
[2024-04-30 10:09:48] INFO: Completed 444 genomes in 1.46 minutes (303.72 genomes/minute).
[2024-04-30 10:09:48] WARNING: Prodigal skipped 444 genomes due to pre-existing data, see warnings.log
[2024-04-30 10:09:50] TASK: Identifying TIGRFAM protein families.
[2024-04-30 10:10:07] INFO: Completed 444 genomes in 16.60 seconds (26.75 genomes/second).
[2024-04-30 10:10:07] WARNING: TIGRFAM skipped 444 genomes due to pre-existing data, see warnings.log
[2024-04-30 10:10:07] TASK: Identifying Pfam protein families.
[2024-04-30 10:10:14] INFO: Completed 444 genomes in 7.07 seconds (62.78 genomes/second).
[2024-04-30 10:10:14] WARNING: Pfam skipped 444 genomes due to pre-existing data, see warnings.log
[2024-04-30 10:10:14] INFO: Annotations done using HMMER 3.4 (Aug 2023).
[2024-04-30 10:10:14] TASK: Summarising identified marker genes.
[2024-04-30 10:11:18] INFO: Completed 444 genomes in 1.06 minutes (418.27 genomes/minute).
[2024-04-30 10:11:20] INFO: Done.
[2024-04-30 10:11:38] INFO: Aligning markers in 444 genomes with 64 CPUs.
[2024-04-30 10:11:38] INFO: Processing 444 genomes identified as bacterial.
[2024-04-30 10:12:17] INFO: Read concatenated alignment for 80,789 GTDB genomes.
[2024-04-30 10:12:17] TASK: Generating concatenated alignment for each marker.
[2024-04-30 10:12:23] INFO: Completed 444 genomes in 0.98 seconds (451.57 genomes/second).
[2024-04-30 10:12:24] TASK: Aligning 120 identified markers using hmmalign 3.4 (Aug 2023).
[2024-04-30 10:12:40] INFO: Completed 120 markers in 9.64 seconds (12.45 markers/second).
[2024-04-30 10:12:40] TASK: Masking columns of bacterial multiple sequence alignment using canonical mask.
[2024-04-30 10:15:35] INFO: Completed 81,233 sequences in 2.92 minutes (27,851.60 sequences/minute).
[2024-04-30 10:15:35] INFO: Masked bacterial alignment from 41,084 to 5,035 AAs.
[2024-04-30 10:15:35] INFO: 0 bacterial user genomes have amino acids in <10.0% of columns in filtered MSA.
[2024-04-30 10:15:35] INFO: Creating concatenated alignment for 81,233 bacterial GTDB and user genomes.
[2024-04-30 10:16:03] INFO: Creating concatenated alignment for 444 bacterial user genomes.
[2024-04-30 10:16:04] INFO: Done.
[2024-04-30 10:16:10] TASK: Placing 444 bacterial genomes into backbone reference tree with pplacer using 64 CPUs (be patient).
[2024-04-30 10:16:10] INFO: pplacer version: v1.1.alpha19-0-g807f6f3
[2024-04-30 10:20:40] INFO: Calculating RED values based on reference tree.
[2024-04-30 10:20:42] INFO: 444 out of 444 have an class assignments. Those genomes will be reclassified.
[2024-04-30 10:20:42] TASK: Placing 119 bacterial genomes into class-level reference tree 4 (1/8) with pplacer using 64 CPUs (be patient).
[2024-04-30 10:29:10] INFO: Calculating RED values based on reference tree.
[2024-04-30 10:29:12] TASK: Traversing tree to determine classification method.
[2024-04-30 10:29:13] INFO: Completed 119 genomes in 0.06 seconds (1,929.35 genomes/second).
[2024-04-30 10:29:37] TASK: Calculating average nucleotide identity using FastANI (v1.32).
[2024-04-30 10:32:13] INFO: Completed 6,378 comparisons in 2.59 minutes (2,461.23 comparisons/minute).
[2024-04-30 10:32:24] INFO: 0 genome(s) have been classified using FastANI and pplacer.
[2024-04-30 10:32:24] TASK: Placing 109 bacterial genomes into class-level reference tree 1 (2/8) with pplacer using 64 CPUs (be patient).
[2024-04-30 10:42:00] INFO: Calculating RED values based on reference tree.
[2024-04-30 10:42:03] TASK: Traversing tree to determine classification method.
[2024-04-30 10:42:03] INFO: Completed 109 genomes in 0.04 seconds (2,673.47 genomes/second).
[2024-04-30 10:42:27] TASK: Calculating average nucleotide identity using FastANI (v1.32).
[2024-04-30 10:44:14] INFO: Completed 4,074 comparisons in 1.77 minutes (2,295.31 comparisons/minute).
[2024-04-30 10:44:21] INFO: 0 genome(s) have been classified using FastANI and pplacer.
[2024-04-30 10:44:22] TASK: Placing 67 bacterial genomes into class-level reference tree 3 (3/8) with pplacer using 64 CPUs (be patient).
[2024-04-30 10:53:37] INFO: Calculating RED values based on reference tree.
[2024-04-30 10:53:40] TASK: Traversing tree to determine classification method.
[2024-04-30 10:53:40] INFO: Completed 67 genomes in 0.11 seconds (612.11 genomes/second).
[2024-04-30 10:54:07] TASK: Calculating average nucleotide identity using FastANI (v1.32).
[2024-04-30 10:56:22] INFO: Completed 4,918 comparisons in 2.24 minutes (2,193.06 comparisons/minute).
[2024-04-30 10:56:28] INFO: 0 genome(s) have been classified using FastANI and pplacer.
[2024-04-30 10:56:28] TASK: Placing 47 bacterial genomes into class-level reference tree 5 (4/8) with pplacer using 64 CPUs (be patient).
[2024-04-30 11:03:17] INFO: Calculating RED values based on reference tree.
[2024-04-30 11:03:19] TASK: Traversing tree to determine classification method.
[2024-04-30 11:03:19] INFO: Completed 47 genomes in 0.03 seconds (1,875.47 genomes/second).
[2024-04-30 11:03:29] TASK: Calculating average nucleotide identity using FastANI (v1.32).
[2024-04-30 11:03:49] INFO: Completed 842 comparisons in 19.36 seconds (43.49 comparisons/second).
[2024-04-30 11:03:52] INFO: 0 genome(s) have been classified using FastANI and pplacer.
[2024-04-30 11:03:52] TASK: Placing 26 bacterial genomes into class-level reference tree 7 (5/8) with pplacer using 64 CPUs (be patient).
[2024-04-30 11:11:12] INFO: Calculating RED values based on reference tree.
[2024-04-30 11:11:14] TASK: Traversing tree to determine classification method.
[2024-04-30 11:11:14] INFO: Completed 26 genomes in 0.01 seconds (4,066.07 genomes/second).
[2024-04-30 11:11:25] TASK: Calculating average nucleotide identity using FastANI (v1.32).
[2024-04-30 11:12:03] INFO: Completed 1,160 comparisons in 37.76 seconds (30.72 comparisons/second).
[2024-04-30 11:12:05] INFO: 0 genome(s) have been classified using FastANI and pplacer.
[2024-04-30 11:12:05] TASK: Placing 26 bacterial genomes into class-level reference tree 2 (6/8) with pplacer using 64 CPUs (be patient).
[2024-04-30 11:22:13] INFO: Calculating RED values based on reference tree.
[2024-04-30 11:22:16] TASK: Traversing tree to determine classification method.
[2024-04-30 11:22:16] INFO: Completed 26 genomes in 0.10 seconds (248.76 genomes/second).
[2024-04-30 11:22:23] TASK: Calculating average nucleotide identity using FastANI (v1.32).
[2024-04-30 11:22:42] INFO: Completed 484 comparisons in 18.73 seconds (25.84 comparisons/second).
[2024-04-30 11:22:44] INFO: 0 genome(s) have been classified using FastANI and pplacer.
[2024-04-30 11:22:44] TASK: Placing 25 bacterial genomes into class-level reference tree 8 (7/8) with pplacer using 64 CPUs (be patient).
[2024-04-30 11:26:43] INFO: Calculating RED values based on reference tree.
[2024-04-30 11:26:44] TASK: Traversing tree to determine classification method.
[2024-04-30 11:26:44] INFO: Completed 25 genomes in 0.00 seconds (9,626.15 genomes/second).
[2024-04-30 11:26:50] TASK: Calculating average nucleotide identity using FastANI (v1.32).
[2024-04-30 11:27:04] INFO: Completed 402 comparisons in 13.74 seconds (29.25 comparisons/second).
[2024-04-30 11:27:07] INFO: 0 genome(s) have been classified using FastANI and pplacer.
[2024-04-30 11:27:07] TASK: Placing 25 bacterial genomes into class-level reference tree 6 (8/8) with pplacer using 64 CPUs (be patient).
[2024-04-30 11:36:02] INFO: Calculating RED values based on reference tree.
[2024-04-30 11:36:04] TASK: Traversing tree to determine classification method.
[2024-04-30 11:36:04] INFO: Completed 25 genomes in 0.02 seconds (1,591.65 genomes/second).
[2024-04-30 11:36:16] TASK: Calculating average nucleotide identity using FastANI (v1.32).
[2024-04-30 11:37:28] INFO: Completed 614 comparisons in 1.20 minutes (511.41 comparisons/minute).
[2024-04-30 11:37:30] INFO: 0 genome(s) have been classified using FastANI and pplacer.
[2024-04-30 11:37:31] WARNING: 22 of 531 genomes have a warning (see summary file).
[2024-04-30 11:37:31] INFO: Note that Tk classification mode is insufficient for publication of new taxonomic designations. New designations should be based on one or more de novo trees, an example of which can be produced by Tk in de novo mode.
[2024-04-30 11:37:31] INFO: Done.
[2024-04-30 11:37:31] INFO: Removing intermediate files.
[2024-04-30 11:37:58] INFO: Intermediate files removed.
[2024-04-30 11:37:58] INFO: Done.
